============================= test session starts =============================
platform win32 -- Python 3.14.4, pytest-9.1.1, pluggy-1.6.0 -- C:\Users\DELL\AppData\Local\Programs\Python\Python314\python.exe
rootdir: D:\Desktop\AiTools\Aethens
configfile: pyproject.toml
plugins: anyio-4.13.0, cov-7.1.0
collecting ... collected 4 items

tests/test_trace_replay.py::TestParentCauseOrderIndependent::test_later_appearing_parent_not_missing PASSED [ 25%]
tests/test_trace_replay.py::TestParentCauseOrderIndependent::test_later_appearing_cause_not_missing PASSED [ 50%]
tests/test_trace_replay.py::TestStrictReplayUnknowns::test_strict_replay_incomplete_with_required_unknowns PASSED [ 75%]
tests/test_trace_replay.py::TestStrictReplayUnknowns::test_unknown_remains_unknown_in_strict_replay PASSED [100%]

============================== 4 passed in 1.18s ==============================
